// Jest Snapshot v1, https://goo.gl/fbAQLP

exports[`Cards and SmallCards Component   renders Cards and Small Cards component correctly 1`] = `null`;

exports[`Component 2 renders Cards component correctly 1`] = `null`;

exports[`test 1 renders correctly 1`] = `null`;
