// Jest Snapshot v1, https://goo.gl/fbAQLP

exports[`App Component Application renders correctly 1`] = `
<div
  className="App"
>
  <div>
    <div
      className="container"
    >
      <div
        className="row"
      >
        <div
          className="col-md-12"
        >
          <nav
            className="navbar navbar-expand-lg navbar-light bg-light"
          >
            <a
              className="navbar-brand"
              href="#"
            >
              Weather App
            </a>
            <button
              aria-controls="navbarSupportedContent"
              aria-expanded="false"
              aria-label="Toggle navigation"
              className="navbar-toggler"
              data-target="#navbarSupportedContent"
              data-toggle="collapse"
              type="button"
            >
              <span
                className="navbar-toggler-icon"
              />
            </button>
            <div
              className="collapse navbar-collapse"
              id="navbarSupportedContent"
            />
          </nav>
        </div>
      </div>
    </div>
  </div>
  <div
    className="app-size"
  />
</div>
`;
