// Jest Snapshot v1, https://goo.gl/fbAQLP

exports[`Small Card component test renders Cards and Small Cards component correctly 1`] = `
Array [
  <div
    className="col-md-3"
  >
    <div
      className="card small-card"
    >
      <div
        className="card-body"
      >
        <center>
          <h6>
            2019-05-14
          </h6>
          <h2
            className="py-4 temperature"
          >
            18.3
            째 C
          </h2>
          <img
            alt="clear sky"
            src="https://image.flaticon.com/icons/svg/169/169367.svg"
            width="70"
          />
        </center>
      </div>
    </div>
  </div>,
  <div
    className="col-md-3"
  >
    <div
      className="card small-card"
    >
      <div
        className="card-body"
      >
        <center>
          <h6>
            2019-05-14
          </h6>
          <h2
            className="py-4 temperature"
          >
            20.61
            째 C
          </h2>
          <img
            alt="clear sky"
            src="https://image.flaticon.com/icons/svg/169/169367.svg"
            width="70"
          />
        </center>
      </div>
    </div>
  </div>,
  <div
    className="col-md-3"
  >
    <div
      className="card small-card"
    >
      <div
        className="card-body"
      >
        <center>
          <h6>
            2019-05-14
          </h6>
          <h2
            className="py-4 temperature"
          >
            19.77
            째 C
          </h2>
          <img
            alt="scattered clouds"
            src="https://image.flaticon.com/icons/svg/1327/1327625.svg"
            width="70"
          />
        </center>
      </div>
    </div>
  </div>,
  <div
    className="col-md-3"
  >
    <div
      className="card small-card"
    >
      <div
        className="card-body"
      >
        <center>
          <h6>
            2019-05-15
          </h6>
          <h2
            className="py-4 temperature"
          >
            14.8
            째 C
          </h2>
          <img
            alt="broken clouds"
            src="https://image.flaticon.com/icons/svg/1146/1146820.svg"
            width="70"
          />
        </center>
      </div>
    </div>
  </div>,
]
`;
